*#06#
*#1234#
*#*#4636#
*#*#7780#
*2767*3855#
*2767*4387264636#
*#272*351828111035746#
*#*#1472365#
*#*#197328640#
*#12580*369#
*#232337#
*#232331#
*#232338#
*#0228#
*#32489#
*#2263#
*#9090#
*#7284#
*#232339#
*#0842#
*#0782#
*#0673#
*#0*#
*#872564#
*#4238378#
*#0283#
*#1575#
*#3214789650#
*#745#
*#03#
*#0589#
*#0588#
*#273283*255*3282*#
*#34971539#
*#526#
*#746#
*#9900#
*#44336#
*#273283*255*663282*#
*#3282*727336*#
*#7594#
*#0289#
*#2663#
*#528#
*#7412365#
*#80#
*#07#
*#3214789#
*#272886#
*#8736364#
*#301279#
*#7353#
*#7465625#
*7465625*782*#
*7465625*27*#
#7465625*27*#
#7465625*782*#
*7465625*77*#
#7465625*77*#
*7465625*638*#
#7465625*638*#
*#877#
*#87976633#
*#22228378#
*#1106#
*#27743#
*#35789#
*#3215987#
*#297277#
*#7676#
*#15987#
*#159874#
*#4562580#
*#77692#
*#7785#
*#65327#
*#2683662#
*#0011#
*#66336#
*#1111#
*#2222#
*#33725327#
*#66283782#
*#22558463#
*#727728#
*#7277#