*#533882#
*#28346#
*#3282*727336*
*#273283*255*3282*
*#273283*255*663282*
*#251#
*#250#
*#232337#
*#232331#
*#533881#
*#533880#
*#83052020100812173552301071192687#
*#27262826#
*#22623277326634424320#
*#272837883#
*#3472867046185743#
*#9920#
*#737425#
*#7594#
*#7595#
*#1234#
*#9999#
*#12580*369#
*#99732#
*#1111_WIFI#
*#2222_WIFI#
*#4943#
*#278837#
*#0000#
*#877#
*#272447#
*#46837#
*#0228#
*#02288#
*#22888973#
*#80#
*#251#
*#250#
*#350#
*#5238973#
*#4327#
*#22235#
*#4378873#
*#7736#
*#77368378#
*#3736#
*#77361379#
*#0782#
*#86824#
*#0842#
*#0673#
*#0289#
*#2663#
*#1004#
*#2664#
*#0588#
*#3264#
*#0589#
*#7769#
*#87976633#
*#07#
*#9998*3288#
*#767*2878#
*#0283#
*#7328735824#
*#22228378#
*#266536966#
*#1105#
*#726387#
*#8778378#
*#26732875#
*#435517#
*#1106#
*#6364366633#
*#0775#
*#27743#
*#1470#
*#1471#
*#0229#
*#3833#
*#35789#
*#3215987#
*#297277#
*#3226#
*#36723#
*#2272#
*#4747#
*#022884478#
*#362#
*#7676#
*#15987#
*#159874#
*#4562580#
*#32266#
*#8213#
*#5442#
*#66867#
*#77692#
*#5395377#
*#88#
*#7785#
*#42663#
*#2288379#
*#7547#
*#08#
*#9998*3288#
*#34971539#
*#7412365#
*#349715390#
*#8736364#
*#0*
*#43788731#
*#43788732#
*#0437#
*#467#
*#77467#
*#865838378#
*#65327#
*#2683662#
*#197328640#
*#27663368378#
*#276633683782#
*#2684#
*#0011#
*#00112#
*#123456#
*#22553767#
*#32489#
*#2580#
*#9090#
*#4238378#
*#745#
*#66336#
*#746#
*#2263#
*#22632#
*#1575#
*#6984125*
*#2886#
*#2767*2878#
*#147852#
*#5337632#
*#369852#
*#1478963#
*#73876766#
*#738767633#
*#7387678378#
*#7387677763#
*#4387264636#
*#03#
*#TESTMODE#
*#1111#
*#2222#
*#8888#
*#301279#
*#279301#
*#3214789#
*#827828868378#
*#3698741#
*#CP_RAMDUMP#
*#58366#
*#37375625#
*#36764#
*#758353266223#
*#1234567890#
*#119#
*#33725327#
*#73#
*#548378#
*#622#
*#6328378#
*#6628378#
*#66283782#
*#7465625*638*
*#7465625*77*
*#22558463#
*#RTN#
*#3214789650#
*#9900#
*#232338#
*#0514#
*#66336#
*#66336324#
*#99007788#
*#638732#
*#7284#
*#06#
*#272886#
*#773738#
*#03#
*#727728#
*#7277#
*#638#
*#0808#
*#528#
*#232339#
*#526#
*#232338#
